[2022-09-09T02:18:37Z INFO  actix_server::builder] Starting 8 workers
[2022-09-09T02:18:37Z INFO  actix_server::server] Actix runtime found; starting in Actix runtime
[2022-09-09T02:18:37Z INFO  actix_web::middleware::logger] 127.0.0.1 "GET / HTTP/1.1" 404 0 "-" "-" 0.000228
[2022-09-09T02:18:37Z INFO  actix_web::middleware::logger] 127.0.0.1 "POST /jobs HTTP/1.1" 200 377 "-" "-" 0.000754
[2022-09-09T02:18:38Z INFO  actix_web::middleware::logger] 127.0.0.1 "GET /jobs/0 HTTP/1.1" 200 427 "-" "-" 0.000618
