[2022-09-09T02:18:52Z INFO  actix_server::builder] Starting 8 workers
[2022-09-09T02:18:52Z INFO  actix_server::server] Actix runtime found; starting in Actix runtime
[2022-09-09T02:18:53Z INFO  actix_web::middleware::logger] 127.0.0.1 "GET / HTTP/1.1" 404 0 "-" "-" 0.000192
[2022-09-09T02:18:53Z INFO  actix_web::middleware::logger] 127.0.0.1 "POST /jobs HTTP/1.1" 200 375 "-" "-" 0.000678
[2022-09-09T02:18:54Z INFO  actix_web::middleware::logger] 127.0.0.1 "GET /jobs/0 HTTP/1.1" 200 431 "-" "-" 0.000406
