[2022-09-09T02:19:12Z INFO  actix_server::builder] Starting 8 workers
[2022-09-09T02:19:12Z INFO  actix_server::server] Actix runtime found; starting in Actix runtime
[2022-09-09T02:19:13Z INFO  actix_web::middleware::logger] 127.0.0.1 "GET / HTTP/1.1" 404 0 "-" "-" 0.000196
[2022-09-09T02:19:13Z INFO  actix_web::middleware::logger] 127.0.0.1 "PUT /jobs/0 HTTP/1.1" 404 63 "-" "-" 0.000184
[2022-09-09T02:19:13Z INFO  actix_web::middleware::logger] 127.0.0.1 "POST /jobs HTTP/1.1" 200 1137 "-" "-" 0.000524
[2022-09-09T02:19:14Z INFO  actix_web::middleware::logger] 127.0.0.1 "GET /jobs/0 HTTP/1.1" 200 1222 "-" "-" 0.000419
[2022-09-09T02:19:14Z INFO  actix_web::middleware::logger] 127.0.0.1 "POST /jobs HTTP/1.1" 200 406 "-" "-" 0.000976
[2022-09-09T02:19:15Z INFO  actix_web::middleware::logger] 127.0.0.1 "GET /jobs/1 HTTP/1.1" 200 454 "-" "-" 0.000281
[2022-09-09T02:19:15Z INFO  actix_web::middleware::logger] 127.0.0.1 "PUT /jobs/0 HTTP/1.1" 200 1161 "-" "-" 0.000912
[2022-09-09T02:19:16Z INFO  actix_web::middleware::logger] 127.0.0.1 "GET /jobs/0 HTTP/1.1" 200 1223 "-" "-" 0.000644
[2022-09-09T02:19:16Z INFO  actix_web::middleware::logger] 127.0.0.1 "PUT /jobs/1 HTTP/1.1" 200 430 "-" "-" 0.001827
[2022-09-09T02:19:17Z INFO  actix_web::middleware::logger] 127.0.0.1 "GET /jobs/1 HTTP/1.1" 200 454 "-" "-" 0.000340
[2022-09-09T02:19:17Z INFO  actix_web::middleware::logger] 127.0.0.1 "PUT /jobs/2 HTTP/1.1" 404 63 "-" "-" 0.000367
