[2022-09-09T02:24:39Z INFO  actix_server::builder] Starting 8 workers
[2022-09-09T02:24:39Z INFO  actix_server::server] Actix runtime found; starting in Actix runtime
[2022-09-09T02:24:40Z INFO  actix_web::middleware::logger] 127.0.0.1 "GET / HTTP/1.1" 404 0 "-" "-" 0.000175
[2022-09-09T02:24:40Z INFO  actix_web::middleware::logger] 127.0.0.1 "POST /jobs HTTP/1.1" 200 373 "-" "-" 0.000549
[2022-09-09T02:24:41Z INFO  actix_web::middleware::logger] 127.0.0.1 "GET /jobs/0 HTTP/1.1" 200 449 "-" "-" 0.001540
[2022-09-09T02:24:41Z INFO  actix_web::middleware::logger] 127.0.0.1 "POST /jobs HTTP/1.1" 200 373 "-" "-" 0.000948
[2022-09-09T02:24:42Z INFO  actix_web::middleware::logger] 127.0.0.1 "GET /jobs/1 HTTP/1.1" 200 455 "-" "-" 0.000346
